 [Tue May 01 13:02:20 EDT 2001] MessageContext::1 users connected
 [Tue May 01 13:02:35 EDT 2001] MessageContext::2 users connected
 [Tue May 01 13:02:38 EDT 2001] MessageContext::3 users connected
 [Tue May 01 13:02:44 EDT 2001] New Client: cat-110
 [Tue May 01 13:02:50 EDT 2001] New Client: dog-166
 [Tue May 01 13:03:01 EDT 2001] New Client: lion-160
 [Tue May 01 13:15:10 EDT 2001] Client thread: lion-160 has been removed
 [Tue May 01 13:15:10 EDT 2001] MessageContext::3 users connected
 [Tue May 01 13:31:18 EDT 2001] New Client: lion-30
 [Tue May 01 13:41:33 EDT 2001] Client thread: cat-110 has been removed
 [Tue May 01 13:43:01 EDT 2001] Client thread: lion-30 has been removed
 [Tue May 01 13:51:20 EDT 2001] Client thread: dog-166 has been removed
 [Tue May 01 13:51:21 EDT 2001] MessageContext::1 users connected
 [Tue May 01 13:51:32 EDT 2001] Client thread: null has been removed
 [Tue May 01 13:51:32 EDT 2001] MessageContext::1 users connected
 [Tue May 01 13:51:39 EDT 2001] MessageContext::2 users connected
 [Tue May 01 13:51:42 EDT 2001] New Client: cat-200
 [Tue May 01 13:51:44 EDT 2001] New Client: dog-86
 [Tue May 01 14:22:05 EDT 2001] Client thread: cat-200 has been removed
 [Tue May 01 14:22:08 EDT 2001] Client thread: dog-86 has been removed
